[debug] [2026-07-21T09:33:01.114Z] ----------------------------------------------------------------------
[debug] [2026-07-21T09:33:01.118Z] Command:       C:\Program Files\nodejs\node.exe C:\Users\thehe\AppData\Roaming\npm\node_modules\firebase-tools\lib\bin\firebase.js init hosting
[debug] [2026-07-21T09:33:01.119Z] CLI Version:   15.24.0
[debug] [2026-07-21T09:33:01.119Z] Platform:      win32
[debug] [2026-07-21T09:33:01.119Z] Node Version:  v20.19.6
[debug] [2026-07-21T09:33:01.120Z] Detected Agent: unknown
[debug] [2026-07-21T09:33:01.120Z] Time:          Tue Jul 21 2026 15:03:01 GMT+0530 (India Standard Time)
[debug] [2026-07-21T09:33:01.120Z] ----------------------------------------------------------------------
[debug] 
[debug] [2026-07-21T09:33:01.140Z] >>> [apiv2][query] GET https://firebase-public.firebaseio.com/cli.json [none]
[info] 
     ######## #### ########  ######## ########     ###     ######  ########
     ##        ##  ##     ## ##       ##     ##  ##   ##  ##       ##
     ######    ##  ########  ######   ########  #########  ######  ######
     ##        ##  ##    ##  ##       ##     ## ##     ##       ## ##
     ##       #### ##     ## ######## ########  ##     ##  ######  ########

You're about to initialize a Firebase project in this directory:

  E:\Vensly projects\ACSL_NYM

[debug] [2026-07-21T09:33:06.409Z] <<< [apiv2][status] GET https://firebase-public.firebaseio.com/cli.json 200
[debug] [2026-07-21T09:33:06.410Z] <<< [apiv2][body] GET https://firebase-public.firebaseio.com/cli.json {"cloudBuildErrorAfter":1594252800000,"cloudBuildWarnAfter":1590019200000,"defaultNode10After":1594252800000,"minVersion":"3.0.5","node8DeploysDisabledAfter":1613390400000,"node8RuntimeDisabledAfter":1615809600000,"node8WarnAfter":1600128000000}
[info] 
=== Project Setup
[info] 
[info] First, let's associate this project directory with a Firebase project.
[info] You can create multiple project aliases by running firebase use --add, 
[info] 
[info] i  If you want to create a project in a Google Cloud organization or folder, please use "firebase projects:create" instead, and return to this command when you've created the project. 
[debug] [2026-07-21T09:33:16.284Z] > command requires scopes: ["email","openid","https://www.googleapis.com/auth/cloudplatformprojects.readonly","https://www.googleapis.com/auth/firebase","https://www.googleapis.com/auth/cloud-platform"]
[debug] [2026-07-21T09:33:16.284Z] > authorizing via signed-in user (venslygunasekara2002@gmail.com)
[debug] [2026-07-21T09:33:33.630Z] Checked if tokens are valid: false, expires at: 1771995499910
[debug] [2026-07-21T09:33:33.631Z] Checked if tokens are valid: false, expires at: 1771995499910
[debug] [2026-07-21T09:33:33.631Z] > refreshing access token with scopes: []
[debug] [2026-07-21T09:33:33.633Z] >>> [apiv2][query] POST https://www.googleapis.com/oauth2/v3/token [none]
[debug] [2026-07-21T09:33:33.633Z] >>> [apiv2][body] POST https://www.googleapis.com/oauth2/v3/token [omitted]
[debug] [2026-07-21T09:33:33.905Z] <<< [apiv2][status] POST https://www.googleapis.com/oauth2/v3/token 200
[debug] [2026-07-21T09:33:33.905Z] <<< [apiv2][body] POST https://www.googleapis.com/oauth2/v3/token [omitted]
[debug] [2026-07-21T09:33:33.922Z] >>> [apiv2][query] POST https://firebase.googleapis.com/v1/projects:checkProjectId [none]
[debug] [2026-07-21T09:33:33.922Z] >>> [apiv2][body] POST https://firebase.googleapis.com/v1/projects:checkProjectId {"proposedId":"ACSLNYM_2026"}
[debug] [2026-07-21T09:33:34.153Z] <<< [apiv2][status] POST https://firebase.googleapis.com/v1/projects:checkProjectId 400
[debug] [2026-07-21T09:33:34.154Z] <<< [apiv2][body] POST https://firebase.googleapis.com/v1/projects:checkProjectId {"error":{"code":400,"message":"Request contains an invalid argument.","status":"INVALID_ARGUMENT"}}
[debug] [2026-07-21T09:33:34.157Z] Couldn't check if project ID ACSLNYM_2026 is available. Original error: FirebaseError: Failed to check if project ID is available. See firebase-debug.log for more info.
[debug] [2026-07-21T09:33:38.702Z] Checked if tokens are valid: true, expires at: 1784630012906
[debug] [2026-07-21T09:33:38.702Z] Checked if tokens are valid: true, expires at: 1784630012906
[debug] [2026-07-21T09:33:38.702Z] >>> [apiv2][query] POST https://cloudresourcemanager.googleapis.com/v1/projects [none]
[debug] [2026-07-21T09:33:38.703Z] >>> [apiv2][body] POST https://cloudresourcemanager.googleapis.com/v1/projects {"projectId":"ACSLNYM_2026","name":"ACSLNYM_2026"}
[debug] [2026-07-21T09:33:40.293Z] <<< [apiv2][status] POST https://cloudresourcemanager.googleapis.com/v1/projects 400
[debug] [2026-07-21T09:33:40.294Z] <<< [apiv2][body] POST https://cloudresourcemanager.googleapis.com/v1/projects {"error":{"code":400,"message":"Request contains an invalid argument.","status":"INVALID_ARGUMENT","details":[{"@type":"type.googleapis.com/google.rpc.BadRequest","fieldViolations":[{"field":"project_id","description":"project_id contains invalid characters"},{"field":"display_name","description":"project display name contains invalid characters"}]},{"@type":"type.googleapis.com/google.rpc.Help","links":[{"url":"https://cloud.google.com/resource-manager/reference/rest/v1/projects"}]}]}}
[debug] [2026-07-21T09:33:40.678Z] FirebaseError: Request to https://cloudresourcemanager.googleapis.com/v1/projects had HTTP Error: 400, Request contains an invalid argument.
    at responseToError (C:\Users\thehe\AppData\Roaming\npm\node_modules\firebase-tools\lib\responseToError.js:53:12)
    at RetryOperation._fn (C:\Users\thehe\AppData\Roaming\npm\node_modules\firebase-tools\lib\apiv2.js:415:77)
    at process.processTicksAndRejections (node:internal/process/task_queues:95:5)
[error] 
[error] Error: Failed to create project. See firebase-debug.log for more info.
